[ ERROR ] Error in file '/Users/chandrashekharsingh/Documents/cks_robot/RobotFramework/tests/testDemo6.robot' on line 15: Resource setting requires value.
